[asiaglatt.com/index.html]
[backblue.gif]
[fade.gif]
[index.html]
[asiaglatt.com/wp-json/oembed/1.0/embed4ff9.json]
[asiaglatt.com/feed/index.html]
[asiaglatt.com/wp-json/oembed/1.0/embedc9a9]
[asiaglatt.com/wp-content/cache/wpfc-minified/du3fajv8/9tkfl.css]
[asiaglatt.com/wp-content/cache/wpfc-minified/1cv5n6k1/9tkfl.css]
[asiaglatt.com/wp-content/cache/wpfc-minified/k0kc4nmq/9tkfl.css]
[asiaglatt.com/wp-content/cache/wpfc-minified/lw1qeeht/9tkfl.css]
[asiaglatt.com/wp-content/cache/wpfc-minified/mmmg0xe5/9tkfl.js]
[asiaglatt.com/wp-json/wp/v2/pages/35.8.delayed]
[asiaglatt.com/wp-json/index.html]
[asiaglatt.com/wp-content/uploads/2018/12/cropped-favicon-32x32.png]
[asiaglatt.com/wp-content/uploads/2018/12/cropped-favicon-192x192.png]
[asiaglatt.com/wp-content/uploads/2018/12/cropped-favicon-180x180.png]
[asiaglatt.com/wp-content/uploads/2018/12/cropped-logo-with-est.png]
[asiaglatt.com/wp-content/uploads/2019/01/Badatz-Mekor-Haim-Of-Queens-white.png]
[asiaglatt.com/about-us/index.html]
[asiaglatt.com/wp-content/uploads/2019/06/60242517_1963195160456397_6635374810442498048_o.jpg]
[asiaglatt.com/kashrut-certificate/index.html]
[asiaglatt.com/wp-content/uploads/2019/06/59373252_1960407544068492_3152573997481197568_o.jpg]
[asiaglatt.com/menu/index.html]
[asiaglatt.com/wp-content/uploads/2018/12/Asia-Glatt-kosher-48-1.jpg]
[asiaglatt.com/party/index.html]
[asiaglatt.com/wp-content/uploads/2018/12/Asia-Glatt-kosher-49.jpg]
[asiaglatt.com/contact/index.html]
[asiaglatt.com/wp-content/uploads/2018/12/Asia-Glatt-kosher-3504-1.jpg]
[asiaglatt.com/wp-content/uploads/2018/12/Asia-Glatt-kosher-3587.jpg]
[asiaglatt.com/wp-content/uploads/2019/06/64751005_2026744314101481_8793481652027260928_o.jpg]
[asiaglatt.com/wp-content/plugins/visualcomposer/public/dist/runtime.bundleca1f.js]
[asiaglatt.com/wp-content/plugins/visualcomposer/public/dist/front.bundleca1f.js]
[asiaglatt.com/wp-content/plugins/visualcomposer/public/sources/assetsLibrary/fullHeight/dist/fullHeight.bundle2152.js]
[asiaglatt.com/wp-content/plugins/visualcomposer/public/sources/assetsLibrary/backgroundSlider/dist/backgroundSlider.bundle2152.js]
[asiaglatt.com/wp-includes/js/dist/hooks.minaf5f.js]
[asiaglatt.com/wp-includes/js/dist/i18n.min1cde.js]
[asiaglatt.com/wp-content/plugins/contact-form-7/includes/swv/js/indexb5e1.js]
[asiaglatt.com/wp-content/plugins/contact-form-7/includes/js/indexb5e1.js]
[asiaglatt.com/wp-content/themes/palermo/js/superfish93f6.js]
[asiaglatt.com/wp-content/themes/palermo/js/jquery.flexslider0875.js]
[asiaglatt.com/wp-content/themes/palermo/js/jquery.fitvids4963.js]
[asiaglatt.com/wp-content/themes/palermo/js/jquery.magnific-popup8a54.js]
[asiaglatt.com/wp-content/themes/palermo/js/jquery.sticky-kit.mincfa9.js]
[asiaglatt.com/wp-content/themes/palermo/js/scripts4963.js]
[asiaglatt.com/wp-content/plugins/happy-elementor-addons/assets/js/extension-reading-progress-bar.min1f75.js]
[asiaglatt.com/wp-includes/js/dist/vendor/wp-polyfill.min2c7c.js]
[asiaglatt.com/wp-content/plugins/contact-form-7/modules/recaptcha/indexb5e1.js]
[asiaglatt.com/index.html]
[asiaglatt.com/wp-content/plugins/instagram-feed/img/sbi-sprite.png]
[asiaglatt.com/wp-content/cache/wpfc-minified/du3fajv8/9tkfl.css]
[asiaglatt.com/wp-content/cache/wpfc-minified/1cv5n6k1/9tkfl.css]
[asiaglatt.com/wp-content/cache/wpfc-minified/k0kc4nmq/9tkfl.css]
[asiaglatt.com/wp-content/cache/wpfc-minified/lw1qeeht/9tkfl.css]
[asiaglatt.com/wp-content/plugins/elementor/assets/lib/font-awesome/fonts/fontawesome-webfont3e6e.eot]
[asiaglatt.com/wp-json/oembed/1.0/embedb613.json]
[asiaglatt.com/wp-json/oembed/1.0/embedb9c6]
[asiaglatt.com/wp-content/cache/wpfc-minified/1dnu58hz/9tkfl.css]
[asiaglatt.com/wp-content/cache/wpfc-minified/eseahqic/9tkgh.css]
[asiaglatt.com/wp-content/uploads/elementor/css/post-631c715.css]
[asiaglatt.com/wp-content/cache/wpfc-minified/1ayt731/9x13q.css]
[asiaglatt.com/wp-content/uploads/elementor/css/post-68c715.css]
[asiaglatt.com/wp-content/cache/wpfc-minified/t31bjb4/9tkgh.css]
[asiaglatt.com/wp-content/cache/wpfc-minified/kdh6t0q6/9tsf4.css]
[asiaglatt.com/wp-json/wp/v2/pages/68.json]
[asiaglatt.com/wp-content/cache/wpfc-minified/fdlvccg2/9x13q.css]
[asiaglatt.com/wp-content/uploads/2023/04/user_60_square.png]
[asiaglatt.com/wp-content/uploads/2023/11/image0_2.jpg]
[asiaglatt.com/wp-content/uploads/2023/11/image0_2-300x223.jpg]
[asiaglatt.com/wp-content/plugins/visualcomposer/public/sources/assetsLibrary/lightbox/dist/lightbox.bundlea4d7.js]
[asiaglatt.com/wp-content/plugins/elementor/assets/js/webpack.runtime.min46ff.js]
[asiaglatt.com/wp-content/plugins/elementor/assets/js/frontend-modules.min46ff.js]
[asiaglatt.com/wp-includes/js/jquery/ui/core.minb37e.js]
[asiaglatt.com/wp-content/plugins/elementor/assets/js/frontend.min46ff.js]
[asiaglatt.com/wp-content/plugins/happy-elementor-addons/assets/js/happy-addons.min1f75.js]
[asiaglatt.com/about-us/index.html]
[asiaglatt.com/wp-json/oembed/1.0/embed82f8.json]
[asiaglatt.com/wp-json/oembed/1.0/embed4f71]
[asiaglatt.com/wp-content/cache/wpfc-minified/fdzqa3w/9tkgh.css]
[asiaglatt.com/wp-content/uploads/elementor/css/post-927438c.css]
[asiaglatt.com/wp-content/cache/wpfc-minified/byyfs48/9tkgh.css]
[asiaglatt.com/wp-json/wp/v2/pages/927.json]
[asiaglatt.com/wp-content/uploads/2025/11/WhatsApp-Image-2025-11-04-at-07.01.14_160bfead-768x602.jpg]
[asiaglatt.com/wp-content/plugins/visualcomposer/public/sources/assetsLibrary/lightbox/dist/lightbox.bundle3cf5.js]
[asiaglatt.com/wp-content/plugins/happy-elementor-addons/assets/vendor/jquery.isotope1f75.js]
[asiaglatt.com/wp-content/plugins/happy-elementor-addons/assets/vendor/magnific-popup/jquery.magnific-popup.min1f75.js]
[asiaglatt.com/wp-includes/js/imagesloaded.minbb93.js]
[asiaglatt.com/kashrut-certificate/index.html]
[asiaglatt.com/wp-json/oembed/1.0/embed5cf9.json]
[asiaglatt.com/wp-json/oembed/1.0/embedaa0a]
[asiaglatt.com/wp-content/cache/wpfc-minified/2eg71vsp/9tsf4.css]
[asiaglatt.com/wp-content/uploads/elementor/css/post-384288.css]
[asiaglatt.com/wp-content/cache/wpfc-minified/1ropu7m7/9tsf4.css]
[asiaglatt.com/wp-json/wp/v2/pages/38.json]
[asiaglatt.com/wp-content/plugins/visualcomposer/public/sources/assetsLibrary/waypoints/dist/noframework.waypoints.mina256.js]
[asiaglatt.com/wp-content/plugins/visualcomposer/public/sources/assetsLibrary/parallaxBackground/dist/parallaxBackground.bundlea256.js]
[asiaglatt.com/wp-content/plugins/visualcomposer/public/sources/assetsLibrary/photoswipe/dist/photoswipe.bundlea256.js]
[asiaglatt.com/wp-content/plugins/visualcomposer/public/sources/assetsLibrary/accordion/dist/accordion.bundlea256.js]
[asiaglatt.com/wp-content/uploads/visualcomposer-assets/elements/classicAccordion/classicAccordion/public/dist/vcClassicAccordion.min98be.js]
[asiaglatt.com/menu/index.html]
[asiaglatt.com/wp-json/oembed/1.0/embed5dfb.json]
[asiaglatt.com/wp-json/oembed/1.0/embed3a5d]
[asiaglatt.com/wp-content/cache/wpfc-minified/g53jz1g2/9tldt.css]
[asiaglatt.com/wp-json/wp/v2/pages/40.json]
[asiaglatt.com/wp-content/uploads/2019/04/IMG_3009.jpg]
[asiaglatt.com/wp-content/uploads/2019/04/IMG_1733.jpg]
[asiaglatt.com/wp-content/uploads/2019/04/IMG_1733-1024x767.jpg]
[asiaglatt.com/wp-content/uploads/2019/04/IMG_1624.jpg]
[asiaglatt.com/wp-content/uploads/2019/04/IMG_1624-1024x683.jpg]
[asiaglatt.com/wp-content/uploads/2019/04/IMG_1031.jpg]
[asiaglatt.com/wp-content/uploads/2019/04/IMG_1031-1024x768.jpg]
[asiaglatt.com/wp-content/uploads/2019/04/IMG_1029.jpg]
[asiaglatt.com/wp-content/uploads/2019/04/IMG_1029-1024x768.jpg]
[asiaglatt.com/wp-content/uploads/2019/04/4S2A5904.jpg]
[asiaglatt.com/wp-content/uploads/2019/04/4S2A5904-1024x784.jpg]
[asiaglatt.com/wp-content/uploads/2019/04/S2A9059.jpg]
[asiaglatt.com/wp-content/uploads/2019/04/S2A9059-572x1024.jpg]
[asiaglatt.com/wp-content/uploads/2019/04/IMG_7421.jpg]
[asiaglatt.com/wp-content/uploads/2019/04/IMG_7421-1024x683.jpg]
[asiaglatt.com/wp-content/uploads/2019/04/IMG_7432.jpg]
[asiaglatt.com/wp-content/uploads/2019/04/IMG_7432-1024x683.jpg]
[asiaglatt.com/wp-content/cache/wpfc-minified/79cnpy9m/9tldt.css]
[asiaglatt.com/wp-content/plugins/visualcomposer/public/sources/assetsLibrary/photoswipe/dist/photoswipe.bundle0089.js]
[asiaglatt.com/wp-content/plugins/visualcomposer/public/sources/assetsLibrary/backgroundVideoYoutube/dist/backgroundVideoYoutube.bundle0089.js]
[asiaglatt.com/wp-content/plugins/restaurant-reservations/lib/simple-admin-pages/lib/pickadate/picker4d80.js]
[asiaglatt.com/wp-content/plugins/restaurant-reservations/lib/simple-admin-pages/lib/pickadate/picker.date4d80.js]
[asiaglatt.com/wp-content/plugins/restaurant-reservations/lib/simple-admin-pages/lib/pickadate/picker.time4d80.js]
[asiaglatt.com/wp-content/plugins/restaurant-reservations/lib/simple-admin-pages/lib/pickadate/legacy4d80.js]
[asiaglatt.com/wp-content/plugins/restaurant-reservations/assets/js/booking-form4d80.js]
[asiaglatt.com/party/index.html]
[asiaglatt.com/wp-json/oembed/1.0/embed2b61.json]
[asiaglatt.com/wp-json/oembed/1.0/embed2e53]
[asiaglatt.com/wp-content/cache/wpfc-minified/zk1f4hx/9um6w.css]
[asiaglatt.com/wp-json/wp/v2/pages/42.json]
[asiaglatt.com/wp-content/uploads/2018/12/Asia-Glatt-kosher-44.jpg]
[asiaglatt.com/wp-content/uploads/visualcomposer-assets/elements/googleMaps/googleMaps/public/dist/googleMaps.mina1de.js]
[asiaglatt.com/contact/index.html]
[asiaglatt.com/wp-admin/admin-ajax.html]
[asiaglatt.com/wp-content/cache/wpfc-minified/1dnu58hz/9tkfl.css]
[asiaglatt.com/wp-content/plugins/elementor/assets/lib/eicons/fonts/eicons356b.eot]
[asiaglatt.com/wp-content/cache/wpfc-minified/eseahqic/9tkgh.css]
[asiaglatt.com/wp-content/uploads/elementor/css/post-631c715.css]
[asiaglatt.com/wp-content/cache/wpfc-minified/1ayt731/9x13q.css]
[asiaglatt.com/wp-content/uploads/elementor/css/post-68c715.css]
[asiaglatt.com/wp-content/cache/wpfc-minified/t31bjb4/9tkgh.css]
[asiaglatt.com/wp-content/uploads/2018/12/Asia-Glatt-kosher-19.jpg]
[asiaglatt.com/wp-content/plugins/happy-elementor-addons/assets/fonts/happy-icons.woff2]
[asiaglatt.com/wp-content/uploads/elementor/google-fonts/fonts/oswald-tk3iwkuhhaijg752fd8ghe4.woff2]
[asiaglatt.com/wp-content/uploads/elementor/google-fonts/fonts/oswald-tk3iwkuhhaijg752ht8ghe4.woff2]
[asiaglatt.com/wp-content/uploads/elementor/google-fonts/fonts/oswald-tk3iwkuhhaijg752fj8ghe4.woff2]
[asiaglatt.com/wp-content/uploads/elementor/google-fonts/fonts/oswald-tk3iwkuhhaijg752fz8ghe4.woff2]
[asiaglatt.com/wp-content/uploads/elementor/google-fonts/fonts/oswald-tk3iwkuhhaijg752gt8g.woff2]
[asiaglatt.com/wp-content/cache/wpfc-minified/kdh6t0q6/9tsf4.css]
[asiaglatt.com/index7ef4.html]
[asiaglatt.com/wp-content/cache/wpfc-minified/fdlvccg2/9x13q.css]
[asiaglatt.com/wp-content/cache/wpfc-minified/fdzqa3w/9tkgh.css]
[asiaglatt.com/wp-content/uploads/elementor/css/post-927438c.css]
[asiaglatt.com/wp-content/cache/wpfc-minified/byyfs48/9tkgh.css]
[asiaglatt.com/indexbc7f.html]
[asiaglatt.com/wp-content/cache/wpfc-minified/2eg71vsp/9tsf4.css]
[asiaglatt.com/wp-content/uploads/elementor/css/post-384288.css]
[asiaglatt.com/wp-content/cache/wpfc-minified/1ropu7m7/9tsf4.css]
[asiaglatt.com/indexb93f.html]
[asiaglatt.com/wp-content/cache/wpfc-minified/g53jz1g2/9tldt.css]
[asiaglatt.com/index3ba0.html]
[asiaglatt.com/wp-content/cache/wpfc-minified/79cnpy9m/9tldt.css]
[asiaglatt.com/wp-content/cache/wpfc-minified/zk1f4hx/9um6w.css]
[asiaglatt.com/indexfbd5.html]
